// Jest Snapshot v1, https://goo.gl/fbAQLP

exports[`components - SliderPageIndicator matches snapshot 1`] = `
<Text
  style={
    Object {
      "backgroundColor": "#020202e6",
      "borderRadius": 99,
      "color": "#FFFFFF",
      "opacity": 1,
      "paddingBottom": 5,
      "paddingLeft": 10,
      "paddingRight": 10,
      "paddingTop": 5,
      "position": "absolute",
      "right": 15,
      "top": 15,
      "zIndex": 1,
    }
  }
>
  3
  /
  4
</Text>
`;
