// Jest Snapshot v1, https://goo.gl/fbAQLP

exports[`components - PostItem matches snapshot 1`] = `
<View
  style={
    Array [
      Object {
        "marginBottom": 20,
        "width": "100%",
      },
    ]
  }
  testID="PostItem"
>
  <View
    style={
      Array [
        Object {
          "alignItems": "center",
          "flexDirection": "row",
          "justifyContent": "space-between",
          "paddingBottom": 5,
          "paddingLeft": 15,
          "paddingRight": 15,
          "paddingTop": 5,
        },
      ]
    }
  >
    <View
      style={
        Array [
          Object {
            "alignItems": "center",
            "flexDirection": "row",
          },
        ]
      }
    >
      <View
        size={40}
        style={
          Array [
            Object {
              "borderRadius": 40,
              "height": 40,
              "overflow": "hidden",
              "position": "relative",
              "width": 40,
            },
          ]
        }
      >
        <ViewManagerAdapter_ExpoLinearGradient
          proxiedProperties={
            Object {
              "colors": Array [
                4292948076,
                4294750021,
              ],
              "endPoint": Array [
                0.3,
                0.7,
              ],
              "locations": undefined,
              "startPoint": Array [
                0.7,
                0.3,
              ],
            }
          }
          style={
            Array [
              Object {
                "alignItems": "center",
                "height": "100%",
                "justifyContent": "center",
                "width": "100%",
              },
            ]
          }
        >
          <View
            ringWidth={2}
            size={40}
            style={
              Array [
                Object {
                  "alignItems": "center",
                  "backgroundColor": "#FFFFFF",
                  "borderRadius": 36,
                  "height": 36,
                  "justifyContent": "center",
                  "width": 36,
                },
              ]
            }
          >
            <Image
              offset={2}
              ringWidth={2}
              size={40}
              source={
                Object {
                  "uri": "https://avatars.githubusercontent.com/u/28453820?v=4",
                }
              }
              style={
                Array [
                  Object {
                    "borderColor": "#26262633",
                    "borderRadius": 32,
                    "borderWidth": 2,
                    "height": 32,
                    "width": 32,
                  },
                ]
              }
            />
          </View>
        </ViewManagerAdapter_ExpoLinearGradient>
      </View>
      <View
        style={
          Array [
            Object {
              "marginLeft": 10,
            },
          ]
        }
      >
        <Text
          style={
            Array [
              Object {
                "color": "#262626",
              },
              Object {
                "fontWeight": "bold",
              },
            ]
          }
        >
          gustavoaz7
        </Text>
        <Text
          style={
            Array [
              Object {
                "color": "#262626",
              },
              Object {
                "fontSize": 12,
                "lineHeight": 14,
              },
            ]
          }
        >
          Daronville
        </Text>
      </View>
    </View>
    <SvgMock
      color="#262626"
      style={
        Array [
          Object {},
        ]
      }
    />
  </View>
  <Image
    source={
      Object {
        "uri": "http://placeimg.com/640/480/cats",
      }
    }
    style={
      Array [
        Object {
          "height": 750,
          "width": 750,
        },
      ]
    }
  />
  <View
    style={
      Array [
        Object {
          "paddingBottom": 0,
          "paddingLeft": 15,
          "paddingRight": 15,
          "paddingTop": 0,
        },
      ]
    }
  >
    <View
      style={
        Array [
          Object {
            "alignItems": "center",
            "flexDirection": "row",
            "justifyContent": "space-between",
            "paddingBottom": 10,
            "paddingLeft": 0,
            "paddingRight": 0,
            "paddingTop": 10,
          },
        ]
      }
    >
      <View
        style={
          Array [
            Object {
              "alignItems": "center",
              "flexDirection": "row",
            },
          ]
        }
      >
        <SvgMock
          color="#262626"
          style={
            Array [
              Object {
                "marginRight": 20,
              },
            ]
          }
        />
        <SvgMock
          color="#262626"
          style={
            Array [
              Object {
                "marginRight": 20,
              },
            ]
          }
        />
        <SvgMock
          color="#262626"
          style={
            Array [
              Object {
                "marginRight": 20,
              },
            ]
          }
        />
      </View>
      <SvgMock
        color="#262626"
        style={
          Array [
            Object {},
          ]
        }
      />
    </View>
    <Text
      style={
        Array [
          Object {
            "color": "#262626",
          },
          Object {
            "fontWeight": "bold",
          },
        ]
      }
    >
      3
       
      likes
    </Text>
    <Text
      numberOfLines={2}
      onTextLayout={[Function]}
      style={
        Array [
          Object {
            "color": "#262626",
          },
        ]
      }
      testID="post-caption"
    >
      <Text
        style={
          Array [
            Object {
              "color": "#262626",
            },
            Object {
              "fontWeight": "bold",
            },
          ]
        }
      >
        gustavoaz7
         
      </Text>
      Tempora rerum minima dolor quibusdam blanditiis ea et. Earum iste iure expedita velit laudantium inventore quia qui. Distinctio consectetur accusamus voluptatum hic rem at quas. Incidunt ipsum sed illo molestiae vitae ullam sit consequatur autem. Ut voluptatem nisi. Velit ex dignissimos sed aut.
    </Text>
    <View
      style={
        Array [
          Object {
            "alignItems": "center",
            "flexDirection": "row",
            "justifyContent": "space-between",
          },
        ]
      }
    >
      <Text
        numberOfLines={2}
        style={
          Array [
            Object {
              "color": "#262626",
            },
            Object {
              "flexBasis": 0,
              "flexGrow": 1,
              "flexShrink": 1,
              "marginRight": 5,
            },
          ]
        }
      >
        <Text
          style={
            Array [
              Object {
                "color": "#262626",
              },
              Object {
                "fontWeight": "bold",
              },
            ]
          }
        >
          Vivienne_Doyle
           
        </Text>
        Aspernatur quod ea unde repellendus magni nihil sunt.
      </Text>
      <SvgMock
        color="#8e8e8e"
        height={16}
        style={
          Array [
            Object {},
          ]
        }
        width={16}
      />
    </View>
    <Text
      style={
        Array [
          Object {
            "color": "#262626",
          },
          Object {
            "color": "#8e8e8e",
            "fontSize": 12,
            "marginTop": 5,
          },
        ]
      }
    >
      1 hour ago
    </Text>
  </View>
</View>
`;
