// Jest Snapshot v1, https://goo.gl/fbAQLP

exports[`components - StoryPreviewItem matches snapshot 1`] = `
<View
  accessible={true}
  focusable={true}
  onBlur={[Function]}
  onClick={[Function]}
  onFocus={[Function]}
  onResponderGrant={[Function]}
  onResponderMove={[Function]}
  onResponderRelease={[Function]}
  onResponderTerminate={[Function]}
  onResponderTerminationRequest={[Function]}
  onStartShouldSetResponder={[Function]}
  style={
    Array [
      Object {
        "alignItems": "center",
        "width": 76,
      },
    ]
  }
  testID="StoryPreviewItem"
>
  <View
    style={
      Object {
        "transform": Array [
          Object {
            "scale": 1,
          },
        ],
      }
    }
  >
    <View
      size={74}
      style={
        Array [
          Object {
            "borderRadius": 74,
            "height": 74,
            "overflow": "hidden",
            "position": "relative",
            "width": 74,
          },
        ]
      }
    >
      <ViewManagerAdapter_ExpoLinearGradient
        proxiedProperties={
          Object {
            "colors": Array [
              4292948076,
              4294750021,
            ],
            "endPoint": Array [
              0.3,
              0.7,
            ],
            "locations": undefined,
            "startPoint": Array [
              0.7,
              0.3,
            ],
          }
        }
        style={
          Array [
            Object {
              "alignItems": "center",
              "height": "100%",
              "justifyContent": "center",
              "width": "100%",
            },
          ]
        }
      >
        <View
          ringWidth={2}
          size={74}
          style={
            Array [
              Object {
                "alignItems": "center",
                "backgroundColor": "#FFFFFF",
                "borderRadius": 70,
                "height": 70,
                "justifyContent": "center",
                "width": 70,
              },
            ]
          }
        >
          <Image
            offset={3}
            ringWidth={2}
            size={74}
            source={
              Object {
                "uri": "https://avatars.githubusercontent.com/u/28453820?v=4",
              }
            }
            style={
              Array [
                Object {
                  "borderColor": "#26262633",
                  "borderRadius": 64,
                  "borderWidth": 2,
                  "height": 64,
                  "width": 64,
                },
              ]
            }
          />
        </View>
      </ViewManagerAdapter_ExpoLinearGradient>
    </View>
  </View>
  <Text
    numberOfLines={1}
    style={
      Array [
        Object {
          "color": "#262626",
        },
      ]
    }
  >
    gustavoaz7
  </Text>
</View>
`;
