// Jest Snapshot v1, https://goo.gl/fbAQLP

exports[`components - GalleryGrid matches snapshot 1`] = `
<RCTScrollView
  contentContainerStyle={
    Object {
      "width": 750,
    }
  }
  data={
    Array [
      Object {
        "caption": "Tempora rerum minima dolor quibusdam blanditiis ea et. Earum iste iure expedita velit laudantium inventore quia qui. Distinctio consectetur accusamus voluptatum hic rem at quas. Incidunt ipsum sed illo molestiae vitae ullam sit consequatur autem. Ut voluptatem nisi. Velit ex dignissimos sed aut.",
        "createdAt": 1620488304326,
        "id": "0.7503052736155693",
        "location": "Daronville",
        "medias": Array [
          Object {
            "id": "0.9684701805514697",
            "owner": Object {
              "id": "0.9441732791858162",
              "profilePicUrl": "https://avatars.githubusercontent.com/u/28453820?v=4",
              "username": "gustavoaz7",
            },
            "tappableObjects": Array [],
            "url": "http://placeimg.com/640/480/cats?0",
          },
        ],
        "owner": Object {
          "id": "0.5145090739885188",
          "profilePicUrl": "https://avatars.githubusercontent.com/u/28453820?v=4",
          "username": "gustavoaz7",
        },
        "previewComments": Object {
          "comments": Array [
            Object {
              "createdAt": 1620488304326,
              "id": "0.8089725738800846",
              "owner": Object {
                "id": "0.3697436275449848",
                "profilePicUrl": "https://cdn.fakercloud.com/avatars/antonyzotov_128.jpg",
                "username": "Vivienne_Doyle",
              },
              "previewLikes": Object {
                "count": 1,
                "likes": Array [
                  Object {
                    "createdAt": 1620488304326,
                    "id": "0.7285493813636328",
                    "owner": Object {
                      "id": "0.44389326382814387",
                      "profilePicUrl": "https://avatars.githubusercontent.com/u/28453820?v=4",
                      "username": "gustavoaz7",
                    },
                  },
                ],
              },
              "text": "Aspernatur quod ea unde repellendus magni nihil sunt.",
              "viewerHasLiked": false,
            },
          ],
          "count": 1,
        },
        "previewLikes": Object {
          "count": 3,
          "likes": Array [
            Object {
              "createdAt": 1620488304326,
              "id": "0.00955236152182315",
              "owner": Object {
                "id": "0.5939056183217004",
                "profilePicUrl": "https://avatars.githubusercontent.com/u/28453820?v=4",
                "username": "gustavoaz7",
              },
            },
            Object {
              "createdAt": 1620488304326,
              "id": "0.3037633708355998",
              "owner": Object {
                "id": "0.15068375475313478",
                "profilePicUrl": "https://avatars.githubusercontent.com/u/28453820?v=4",
                "username": "gustavoaz7",
              },
            },
            Object {
              "createdAt": 1620488304326,
              "id": "0.7916855374269904",
              "owner": Object {
                "id": "0.795496959059312",
                "profilePicUrl": "https://avatars.githubusercontent.com/u/28453820?v=4",
                "username": "gustavoaz7",
              },
            },
          ],
        },
        "viewerHasLiked": false,
      },
      Object {
        "caption": "Tempora rerum minima dolor quibusdam blanditiis ea et. Earum iste iure expedita velit laudantium inventore quia qui. Distinctio consectetur accusamus voluptatum hic rem at quas. Incidunt ipsum sed illo molestiae vitae ullam sit consequatur autem. Ut voluptatem nisi. Velit ex dignissimos sed aut.",
        "createdAt": 1620488304326,
        "id": "0.41373594235159095",
        "location": "Daronville",
        "medias": Array [
          Object {
            "id": "0.08702038306262483",
            "owner": Object {
              "id": "0.33108232752437994",
              "profilePicUrl": "https://avatars.githubusercontent.com/u/28453820?v=4",
              "username": "gustavoaz7",
            },
            "tappableObjects": Array [],
            "url": "http://placeimg.com/640/480/cats?0",
          },
        ],
        "owner": Object {
          "id": "0.6173003345303225",
          "profilePicUrl": "https://avatars.githubusercontent.com/u/28453820?v=4",
          "username": "gustavoaz7",
        },
        "previewComments": Object {
          "comments": Array [
            Object {
              "createdAt": 1620488304326,
              "id": "0.4341613568949052",
              "owner": Object {
                "id": "0.9438394115623954",
                "profilePicUrl": "https://cdn.fakercloud.com/avatars/antonyzotov_128.jpg",
                "username": "Vivienne_Doyle",
              },
              "previewLikes": Object {
                "count": 1,
                "likes": Array [
                  Object {
                    "createdAt": 1620488304326,
                    "id": "0.8486227130149373",
                    "owner": Object {
                      "id": "0.04791428376514539",
                      "profilePicUrl": "https://avatars.githubusercontent.com/u/28453820?v=4",
                      "username": "gustavoaz7",
                    },
                  },
                ],
              },
              "text": "Aspernatur quod ea unde repellendus magni nihil sunt.",
              "viewerHasLiked": false,
            },
          ],
          "count": 1,
        },
        "previewLikes": Object {
          "count": 3,
          "likes": Array [
            Object {
              "createdAt": 1620488304326,
              "id": "0.2126848050204142",
              "owner": Object {
                "id": "0.6099309914699516",
                "profilePicUrl": "https://avatars.githubusercontent.com/u/28453820?v=4",
                "username": "gustavoaz7",
              },
            },
            Object {
              "createdAt": 1620488304326,
              "id": "0.3349606990400664",
              "owner": Object {
                "id": "0.34923798636800973",
                "profilePicUrl": "https://avatars.githubusercontent.com/u/28453820?v=4",
                "username": "gustavoaz7",
              },
            },
            Object {
              "createdAt": 1620488304326,
              "id": "0.28787341966067115",
              "owner": Object {
                "id": "0.2815148051684657",
                "profilePicUrl": "https://avatars.githubusercontent.com/u/28453820?v=4",
                "username": "gustavoaz7",
              },
            },
          ],
        },
        "viewerHasLiked": false,
      },
      Object {
        "caption": "Tempora rerum minima dolor quibusdam blanditiis ea et. Earum iste iure expedita velit laudantium inventore quia qui. Distinctio consectetur accusamus voluptatum hic rem at quas. Incidunt ipsum sed illo molestiae vitae ullam sit consequatur autem. Ut voluptatem nisi. Velit ex dignissimos sed aut.",
        "createdAt": 1620488304326,
        "id": "0.922939804031387",
        "location": "Daronville",
        "medias": Array [
          Object {
            "id": "0.3454974135594415",
            "owner": Object {
              "id": "0.9967745902879201",
              "profilePicUrl": "https://avatars.githubusercontent.com/u/28453820?v=4",
              "username": "gustavoaz7",
            },
            "tappableObjects": Array [],
            "url": "http://placeimg.com/640/480/cats?0",
          },
        ],
        "owner": Object {
          "id": "0.9149912643433287",
          "profilePicUrl": "https://avatars.githubusercontent.com/u/28453820?v=4",
          "username": "gustavoaz7",
        },
        "previewComments": Object {
          "comments": Array [
            Object {
              "createdAt": 1620488304326,
              "id": "0.10439887330194386",
              "owner": Object {
                "id": "0.3077320159906931",
                "profilePicUrl": "https://cdn.fakercloud.com/avatars/antonyzotov_128.jpg",
                "username": "Vivienne_Doyle",
              },
              "previewLikes": Object {
                "count": 1,
                "likes": Array [
                  Object {
                    "createdAt": 1620488304326,
                    "id": "0.7449996372561503",
                    "owner": Object {
                      "id": "0.1323044084147602",
                      "profilePicUrl": "https://avatars.githubusercontent.com/u/28453820?v=4",
                      "username": "gustavoaz7",
                    },
                  },
                ],
              },
              "text": "Aspernatur quod ea unde repellendus magni nihil sunt.",
              "viewerHasLiked": false,
            },
          ],
          "count": 1,
        },
        "previewLikes": Object {
          "count": 3,
          "likes": Array [
            Object {
              "createdAt": 1620488304326,
              "id": "0.24024171888267531",
              "owner": Object {
                "id": "0.006463618503612434",
                "profilePicUrl": "https://avatars.githubusercontent.com/u/28453820?v=4",
                "username": "gustavoaz7",
              },
            },
            Object {
              "createdAt": 1620488304326,
              "id": "0.03910877841727811",
              "owner": Object {
                "id": "0.11168779022959585",
                "profilePicUrl": "https://avatars.githubusercontent.com/u/28453820?v=4",
                "username": "gustavoaz7",
              },
            },
            Object {
              "createdAt": 1620488304326,
              "id": "0.21778596999549849",
              "owner": Object {
                "id": "0.07886078925990381",
                "profilePicUrl": "https://avatars.githubusercontent.com/u/28453820?v=4",
                "username": "gustavoaz7",
              },
            },
          ],
        },
        "viewerHasLiked": false,
      },
      Object {
        "caption": "Tempora rerum minima dolor quibusdam blanditiis ea et. Earum iste iure expedita velit laudantium inventore quia qui. Distinctio consectetur accusamus voluptatum hic rem at quas. Incidunt ipsum sed illo molestiae vitae ullam sit consequatur autem. Ut voluptatem nisi. Velit ex dignissimos sed aut.",
        "createdAt": 1620488304326,
        "id": "0.0369120343050815",
        "location": "Daronville",
        "medias": Array [
          Object {
            "id": "0.17852926881070164",
            "owner": Object {
              "id": "0.33047393738372",
              "profilePicUrl": "https://avatars.githubusercontent.com/u/28453820?v=4",
              "username": "gustavoaz7",
            },
            "tappableObjects": Array [],
            "url": "http://placeimg.com/640/480/cats?0",
          },
        ],
        "owner": Object {
          "id": "0.1628838782770916",
          "profilePicUrl": "https://avatars.githubusercontent.com/u/28453820?v=4",
          "username": "gustavoaz7",
        },
        "previewComments": Object {
          "comments": Array [
            Object {
              "createdAt": 1620488304326,
              "id": "0.7734841288575092",
              "owner": Object {
                "id": "0.3176454199925014",
                "profilePicUrl": "https://cdn.fakercloud.com/avatars/antonyzotov_128.jpg",
                "username": "Vivienne_Doyle",
              },
              "previewLikes": Object {
                "count": 1,
                "likes": Array [
                  Object {
                    "createdAt": 1620488304326,
                    "id": "0.18718871135554105",
                    "owner": Object {
                      "id": "0.9153662421447482",
                      "profilePicUrl": "https://avatars.githubusercontent.com/u/28453820?v=4",
                      "username": "gustavoaz7",
                    },
                  },
                ],
              },
              "text": "Aspernatur quod ea unde repellendus magni nihil sunt.",
              "viewerHasLiked": false,
            },
          ],
          "count": 1,
        },
        "previewLikes": Object {
          "count": 3,
          "likes": Array [
            Object {
              "createdAt": 1620488304326,
              "id": "0.6086211068964358",
              "owner": Object {
                "id": "0.31525440508906266",
                "profilePicUrl": "https://avatars.githubusercontent.com/u/28453820?v=4",
                "username": "gustavoaz7",
              },
            },
            Object {
              "createdAt": 1620488304326,
              "id": "0.14948593696820844",
              "owner": Object {
                "id": "0.7949024129460789",
                "profilePicUrl": "https://avatars.githubusercontent.com/u/28453820?v=4",
                "username": "gustavoaz7",
              },
            },
            Object {
              "createdAt": 1620488304326,
              "id": "0.6198634447448861",
              "owner": Object {
                "id": "0.49257864606703805",
                "profilePicUrl": "https://avatars.githubusercontent.com/u/28453820?v=4",
                "username": "gustavoaz7",
              },
            },
          ],
        },
        "viewerHasLiked": false,
      },
    ]
  }
  disableVirtualization={false}
  getItem={[Function]}
  getItemCount={[Function]}
  horizontal={false}
  initialNumToRender={10}
  keyExtractor={[Function]}
  maxToRenderPerBatch={10}
  onContentSizeChange={[Function]}
  onEndReachedThreshold={2}
  onLayout={[Function]}
  onMomentumScrollEnd={[Function]}
  onScroll={[Function]}
  onScrollBeginDrag={[Function]}
  onScrollEndDrag={[Function]}
  removeClippedSubviews={false}
  renderItem={[Function]}
  scrollEventThrottle={50}
  stickyHeaderIndices={Array []}
  updateCellsBatchingPeriod={50}
  viewabilityConfigCallbackPairs={Array []}
  windowSize={21}
>
  <View>
    <View
      onLayout={[Function]}
      style={null}
    >
      <View
        style={
          Array [
            Object {
              "flexDirection": "row",
            },
            Object {
              "justifyContent": "space-between",
              "paddingTop": 2,
            },
          ]
        }
      >
        <View
          accessible={true}
          columns={3}
          focusable={true}
          gap={2}
          onBlur={[Function]}
          onClick={[Function]}
          onFocus={[Function]}
          onResponderGrant={[Function]}
          onResponderMove={[Function]}
          onResponderRelease={[Function]}
          onResponderTerminate={[Function]}
          onResponderTerminationRequest={[Function]}
          onStartShouldSetResponder={[Function]}
          style={
            Array [
              Object {
                "aspectRatio": 1,
                "position": "relative",
                "width": 248.66666666666666,
              },
            ]
          }
          testID="GaleryGridItem"
        >
          <Image
            resizeMode="cover"
            source={
              Object {
                "uri": "http://placeimg.com/640/480/cats?0",
              }
            }
            style={
              Array [
                Object {
                  "flexBasis": 0,
                  "flexGrow": 1,
                  "flexShrink": 1,
                },
              ]
            }
          />
        </View>
        <View
          accessible={true}
          columns={3}
          focusable={true}
          gap={2}
          onBlur={[Function]}
          onClick={[Function]}
          onFocus={[Function]}
          onResponderGrant={[Function]}
          onResponderMove={[Function]}
          onResponderRelease={[Function]}
          onResponderTerminate={[Function]}
          onResponderTerminationRequest={[Function]}
          onStartShouldSetResponder={[Function]}
          style={
            Array [
              Object {
                "aspectRatio": 1,
                "position": "relative",
                "width": 248.66666666666666,
              },
            ]
          }
          testID="GaleryGridItem"
        >
          <Image
            resizeMode="cover"
            source={
              Object {
                "uri": "http://placeimg.com/640/480/cats?0",
              }
            }
            style={
              Array [
                Object {
                  "flexBasis": 0,
                  "flexGrow": 1,
                  "flexShrink": 1,
                },
              ]
            }
          />
        </View>
        <View
          accessible={true}
          columns={3}
          focusable={true}
          gap={2}
          onBlur={[Function]}
          onClick={[Function]}
          onFocus={[Function]}
          onResponderGrant={[Function]}
          onResponderMove={[Function]}
          onResponderRelease={[Function]}
          onResponderTerminate={[Function]}
          onResponderTerminationRequest={[Function]}
          onStartShouldSetResponder={[Function]}
          style={
            Array [
              Object {
                "aspectRatio": 1,
                "position": "relative",
                "width": 248.66666666666666,
              },
            ]
          }
          testID="GaleryGridItem"
        >
          <Image
            resizeMode="cover"
            source={
              Object {
                "uri": "http://placeimg.com/640/480/cats?0",
              }
            }
            style={
              Array [
                Object {
                  "flexBasis": 0,
                  "flexGrow": 1,
                  "flexShrink": 1,
                },
              ]
            }
          />
        </View>
      </View>
    </View>
    <View
      onLayout={[Function]}
      style={null}
    >
      <View
        style={
          Array [
            Object {
              "flexDirection": "row",
            },
            Object {
              "justifyContent": "space-between",
              "paddingTop": 2,
            },
          ]
        }
      >
        <View
          accessible={true}
          columns={3}
          focusable={true}
          gap={2}
          onBlur={[Function]}
          onClick={[Function]}
          onFocus={[Function]}
          onResponderGrant={[Function]}
          onResponderMove={[Function]}
          onResponderRelease={[Function]}
          onResponderTerminate={[Function]}
          onResponderTerminationRequest={[Function]}
          onStartShouldSetResponder={[Function]}
          style={
            Array [
              Object {
                "aspectRatio": 1,
                "position": "relative",
                "width": 248.66666666666666,
              },
            ]
          }
          testID="GaleryGridItem"
        >
          <Image
            resizeMode="cover"
            source={
              Object {
                "uri": "http://placeimg.com/640/480/cats?0",
              }
            }
            style={
              Array [
                Object {
                  "flexBasis": 0,
                  "flexGrow": 1,
                  "flexShrink": 1,
                },
              ]
            }
          />
        </View>
      </View>
    </View>
  </View>
</RCTScrollView>
`;
